Script started on Thu Feb  6 16:12:52 2020
bash-3.2$ make
clang -g -Wall -Werror -o mysh mysh.c
bash-3.2$ ./ms[Kysh
$ sleep 1 & sleep 1; sleep 1
Child process 19538 exits with status 0
Child process 19539 exits with status 0
Child process 19540 exits with status 0
$ pwd
/Users/MAC/Desktop/CSC213/shell
Child process 19544 exits with status 0
$ ls
Makefile	input.txt	mysh		mysh.c		mysh.dSYM	testfile.txt
Child process 19545 exits with status 0
$ pwd
/Users/MAC/Desktop/CSC213/shell
Child process 19547 exits with status 0
$ cd ..
$ pwd
/Users/MAC/Desktop/CSC213
Child process 19562 exits with status 0
$ ls
ngram		shell		uniquelist	warmup_lab
Child process 19566 exits with status 0
$ mkdir test
Child process 19570 exits with status 0
$ ls
ngram		shell		test		uniquelist	warmup_lab
Child process 19571 exits with status 0
$ cd shell
$ pwd & ls; sleep 1
/Users/MAC/Desktop/CSC213/shell
Child process 19578 exits with status 0
Makefile	input.txt	mysh		mysh.c		mysh.dSYM	testfile.txt
Child process 19579 exits with status 0
Child process 19580 exits with status 0
$ exit    
bash-3.2$ exit
Script done on Thu Feb  6 16:14:26 2020
